// Jest Snapshot v1, https://goo.gl/fbAQLP

exports[`<App /> renders the component without changes 1`] = `
<ContextProvider
  value={
    {
      "changeState": [Function],
      "state": {
        "filter": "all",
        "taskText": "",
        "tasks": [],
      },
    }
  }
>
  <ToDos />
</ContextProvider>
`;
